apps/compat/mtcp_shim.c:126:static void
apps/compat/mtcp_shim.c:291:static flow_t *g_pending[SHIM_PENDING];
apps/compat/mtcp_shim.c:292:static int g_pend_head, g_pend_tail;
apps/compat/mtcp_shim.c:294:static void
apps/compat/mtcp_shim.c:430:static void
apps/compat/mtcp_shim.c:68:static struct shim_flow_state g_flow[SHIM_MAX_SOCK];
apps/compat/mtcp_shim.c:69:static struct shim_sock g_sock[SHIM_MAX_SOCK];
apps/compat/mtcp_shim.c:70:static struct core_ctx *g_shim_core;
apps/compat/mtcp_shim.c:71:static pthread_t g_shim_stack;
apps/compat/mtcp_shim.c:72:static struct mtcp_conf g_conf;
apps/compat/mtcp_shim.c:74:static struct shim_flow_state *
apps/compat/mtcp_shim.c:89:static int
apps/tcpserver/tcpserver.c:104:static struct conn_state g_conn[MAX_CONNS];
apps/tcpserver/tcpserver.c:106:static struct conn_state *
apps/tcpserver/tcpserver.c:126:static void
apps/tcpserver/tcpserver.c:156:static void
apps/tcpserver/tcpserver.c:166: static uint8_t buf[2048];
apps/tcpserver/tcpserver.c:215:static void
apps/tcpserver/tcpserver.c:231:static void
apps/tcpserver/tcpserver.c:252: static char altstack[SIGSTKSZ * 4];
apps/tcpserver/tcpserver.c:55:static uint8_t *g_obj;
apps/tcpserver/tcpserver.c:56:static size_t g_obj_len;
apps/tcpserver/tcpserver.c:63:static uint8_t *g_resp;
apps/tcpserver/tcpserver.c:64:static size_t g_resp_len;
src/program/prog_app.c:50:static void
src/program/prog_tcp.c:1316:static void
src/program/prog_tcp.c:141:static struct {
src/program/prog_tcp.c:188:static void
src/program/prog_tcp.c:225:static int
src/program/prog_tcp.c:258:static flowkey_t
src/program/prog_tcp.c:325:static uint64_t g_emit[EM__N];
src/program/prog_tcp.c:326:static uint64_t g_app_bytes; /* bytes accepted from the application */
src/program/prog_tcp.c:329:static void
src/program/prog_tcp.c:426:static uint64_t g_refuse[REF__N];
src/program/prog_tcp.c:442:static uint64_t g_tmr[TMR__N];
src/program/prog_tcp.c:446:static uint64_t g_rx[RXS__N];
src/program/prog_tcp.c:505:static bool
src/program/prog_tcp.c:516:static bool
src/program/prog_tcp.c:534:static bool
src/program/prog_tcp.c:542:static void
src/program/prog_tcp.c:584:static void
src/program/prog_tcp.c:614:static void
src/program/prog_tcp.c:713:static void
src/program/prog_tcp.c:823:static void
src/program/prog_tcp.c:914:static void
src/program/prog_tcp.c:937:static void
src/program/prog_tcp.c:992:static void
src/target/emit.c:102: static int nth;
src/target/emit.c:103: static int seen;
src/target/emit.c:136:static int
src/target/emit.c:374:static int
src/target/emit.c:446:static void
src/target/emit.c:44:static void
src/target/emit.c:47: static int budget;
src/target/emit.c:483: static int hold;
src/target/emit.c:484: static uint32_t held;
src/target/emit.c:97:static int g_trace_seg;
src/target/emit.c:99:static int
src/target/flow.c:428:static uint64_t g_mrg[MRG__N];
src/target/scheduler.c:128:static void
src/target/scheduler.c:335:static void
src/target/scheduler.c:443:static uint64_t transport_packets;
src/target/scheduler.c:454:static struct {
src/target/scheduler.c:480:static int
src/target/scheduler.c:503: static uint64_t seen;
src/target/scheduler.c:702:static void
src/target/scheduler.c:713:static void *
src/target/scheduler.c:764: static struct sched_thread_arg arg;
src/target/scheduler.c:95:static void
src/target/timers.c:193: static uint32_t last;
src/target/timers.c:196: static uint64_t n;
src/target/timers.c:45:static void
src/target/tx_stream.c:210:static void
src/target/tx_stream.c:257: static uint64_t flushes;
src/target/tx_stream.c:406:static uint64_t
src/target/tx_stream.c:94:static void
