1 apps/compat/mtcp_shim.c:static int g_rdy_n;
1 apps/compat/mtcp_shim.c:static int g_rdy[SHIM_MAX_SOCK];
1 apps/compat/mtcp_shim.c:static int g_sock_free;
1 apps/compat/mtcp_shim.c:static pthread_t g_shim_stack;
1 apps/compat/mtcp_shim.c:static struct core_ctx *g_shim_core;
1 apps/compat/mtcp_shim.c:static struct mtcp_conf g_conf;
1 apps/compat/mtcp_shim.c:static struct mtp_endpoint g_bound;
1 apps/compat/mtcp_shim.c:static struct shim_flow_state g_flow[SHIM_MAX_SOCK];
1 apps/compat/mtcp_shim.c:static struct shim_sock g_sock[SHIM_MAX_SOCK];
1 apps/compat/mtcp_shim.c:static uint16_t g_next_port;
1 apps/compat/mtcp_shim.c:static uint32_t g_local_ip;
1 apps/compat/mtcp_shim.c:static uint64_t g_wr_calls, g_wr_asked, g_wr_got, g_wr_short, g_wr_refused;
1 apps/compat/mtcp_shim.c:static uint64_t g_wr_ringfull, g_wr_noflow;
1 apps/tcpserver/tcpserver.c: static char altstack[SIGSTKSZ * 4];
1 apps/tcpserver/tcpserver.c:static flow_t *g_listen_flow;
1 apps/tcpserver/tcpserver.c:static size_t g_obj_len;
1 apps/tcpserver/tcpserver.c:static size_t g_resp_len;
1 apps/tcpserver/tcpserver.c:static struct conn_state g_conn[MAX_CONNS];
1 apps/tcpserver/tcpserver.c:static struct mtp_endpoint g_listen_ep;
1 apps/tcpserver/tcpserver.c: static uint8_t buf[2048];
1 apps/tcpserver/tcpserver.c:static uint8_t *g_obj;
1 apps/tcpserver/tcpserver.c:static uint8_t *g_resp;
1 src/program/prog_tcp.c:static int g_instr;
1 src/program/prog_tcp.c: static int legacy;
1 src/program/prog_tcp.c: static int on_generation;
1 src/program/prog_tcp.c:static struct tcp_ctx *g_live[MTP_MAX_FLOWS_SAMPLED];
1 src/program/prog_tcp.c:static uint32_t g_sws_rw;
1 src/program/prog_tcp.c: static uint32_t idle_ms;
1 src/program/prog_tcp.c:static uint64_t g_ack_hist[8], g_ack_sum, g_ack_n, g_ack_max;
1 src/program/prog_tcp.c:static uint64_t g_age_hist[8], g_age_time, g_age_dt, g_age_max, g_age_max_at;
1 src/program/prog_tcp.c:static uint64_t g_avail_bucket[6];
1 src/program/prog_tcp.c:static uint64_t g_avail_sum, g_avail_max, g_bind_cwnd, g_bind_peer;
1 src/program/prog_tcp.c:static uint64_t g_cwnd_sum, g_inflight_sum;
1 src/program/prog_tcp.c:static uint64_t g_emit[EM__N];
1 src/program/prog_tcp.c:static uint64_t g_emit_unacked;
1 src/program/prog_tcp.c:static uint64_t g_first_us;
1 src/program/prog_tcp.c:static uint64_t g_gap_full, g_gap_full_dt, g_gap_all, g_gap_all_dt;
1 src/program/prog_tcp.c:static uint64_t g_inf_integral, g_inf_span_us, g_inf_last_us, g_inf_samples;
1 src/program/prog_tcp.c:static uint64_t g_int_rtx, g_int_clean, g_bytes_rtx, g_bytes_clean;
1 src/program/prog_tcp.c:static uint64_t g_live_integral, g_live_max, g_ctx_created, g_ctx_destroyed;
1 src/program/prog_tcp.c:static uint64_t g_nodata_cwnd, g_nodata_peer, g_nodata_infl, g_nodata_atwin, g_nodata_nearwin;
1 src/program/prog_tcp.c:static uint64_t g_nodata_held[7], g_nodata_held_sum, g_nodata_n;
1 src/program/prog_tcp.c:static uint64_t g_recv_calls, g_recv_bytes, g_recv_empty, g_recv_nohead;
1 src/program/prog_tcp.c:static uint64_t g_refuse[REF__N];
1 src/program/prog_tcp.c:static uint64_t g_ring_hist[8], g_ring_empty_by[3];
1 src/program/prog_tcp.c:static uint64_t g_rto_sum, g_rto_n, g_rto_max;
1 src/program/prog_tcp.c:static uint64_t g_rtt_bucket[6], g_rtt_sum, g_rtt_n, g_rtt_max;
1 src/program/prog_tcp.c:static uint64_t g_rx[RXS__N];
1 src/program/prog_tcp.c:static uint64_t g_sws_cwnd, g_sws_peer, g_sws_infl, g_sws_bind[2];
1 src/program/prog_tcp.c:static uint64_t g_sws_cwnd_h[6], g_sws_peer_h[6];
1 src/program/prog_tcp.c:static uint64_t g_sws_withheld, g_sws_n, g_sws_max;
1 src/program/prog_tcp.c:static uint64_t g_tmr[TMR__N];
1 src/program/prog_tcp.c:static unsigned g_live_n;
1 src/target/emit.c: static int budget;
1 src/target/emit.c: static int fin_nth;
1 src/target/emit.c: static int fin_seen;
1 src/target/emit.c:static int g_trace_seg;
1 src/target/emit.c: static int hold;
1 src/target/emit.c: static int nth;
1 src/target/emit.c: static int seen;
1 src/target/emit.c: static uint32_t held;
1 src/target/flow.c:static uint64_t g_mrg[MRG__N];
1 src/target/scheduler.c:static struct {
1 src/target/scheduler.c: static struct sched_thread_arg arg;
2 src/target/scheduler.c: static uint32_t shown;
1 src/target/scheduler.c:static uint64_t g_gap_hist[10], g_gap_sum, g_gap_sq, g_gap_n, g_gap_max;
1 src/target/scheduler.c:static uint64_t g_rx_hist[8], g_rx_n, g_rx_pkts;
1 src/target/scheduler.c: static uint64_t iters, t_prev_us;
1 src/target/scheduler.c: static uint64_t seen;
1 src/target/scheduler.c:static uint64_t transport_packets;
1 src/target/timers.c:static int last_tick_valid;
1 src/target/timers.c: static uint32_t last;
1 src/target/timers.c:static uint32_t last_tick_now;
1 src/target/timers.c: static uint64_t n;
1 src/target/tx_stream.c: static uint64_t flushes;
