1 apps/compat/mtcp_shim.c:static int g_rdy_n;
1 apps/compat/mtcp_shim.c:static int g_rdy[SHIM_MAX_SOCK];
1 apps/compat/mtcp_shim.c:static int g_sock_free;
1 apps/compat/mtcp_shim.c:static pthread_t g_shim_stack;
1 apps/compat/mtcp_shim.c:static struct core_ctx *g_shim_core;
1 apps/compat/mtcp_shim.c:static struct mtcp_conf g_conf;
1 apps/compat/mtcp_shim.c:static struct mtp_endpoint g_bound;
1 apps/compat/mtcp_shim.c:static struct shim_flow_state g_flow[SHIM_MAX_SOCK];
1 apps/compat/mtcp_shim.c:static struct shim_sock g_sock[SHIM_MAX_SOCK];
1 apps/compat/mtcp_shim.c:static uint16_t g_next_port;
1 apps/compat/mtcp_shim.c:static uint32_t g_local_ip;
1 apps/compat/mtcp_shim.c:static uint64_t g_wr_calls, g_wr_asked, g_wr_got, g_wr_short, g_wr_refused;
1 apps/compat/mtcp_shim.c:static uint64_t g_wr_ringfull, g_wr_noflow;
1 apps/tcpserver/tcpserver.c: static char altstack[SIGSTKSZ * 4];
1 apps/tcpserver/tcpserver.c:static flow_t *g_listen_flow;
1 apps/tcpserver/tcpserver.c:static size_t g_obj_len;
1 apps/tcpserver/tcpserver.c:static size_t g_resp_len;
1 apps/tcpserver/tcpserver.c:static struct conn_state g_conn[MAX_CONNS];
1 apps/tcpserver/tcpserver.c:static struct mtp_endpoint g_listen_ep;
1 apps/tcpserver/tcpserver.c: static uint8_t buf[2048];
1 apps/tcpserver/tcpserver.c:static uint8_t *g_obj;
1 apps/tcpserver/tcpserver.c:static uint8_t *g_resp;
1 src/target/emit.c: static int budget;
1 src/target/emit.c: static int fin_nth;
1 src/target/emit.c: static int fin_seen;
1 src/target/emit.c:static int g_trace_seg;
1 src/target/emit.c: static int hold;
1 src/target/emit.c: static int nth;
1 src/target/emit.c: static int seen;
1 src/target/emit.c: static uint32_t held;
1 src/target/flow.c:static uint64_t g_mrg[MRG__N];
1 src/target/scheduler.c:static struct {
1 src/target/scheduler.c: static struct sched_thread_arg arg;
2 src/target/scheduler.c: static uint32_t shown;
1 src/target/scheduler.c:static uint64_t g_gap_hist[10], g_gap_sum, g_gap_sq, g_gap_n, g_gap_max;
1 src/target/scheduler.c:static uint64_t g_rx_hist[8], g_rx_n, g_rx_pkts;
1 src/target/scheduler.c: static uint64_t iters, t_prev_us;
1 src/target/scheduler.c: static uint64_t seen;
1 src/target/scheduler.c:static uint64_t transport_packets;
1 src/target/send_buffer.c: static uint64_t flushes;
1 src/target/timer.c:static int last_tick_valid;
1 src/target/timer.c: static uint32_t last;
1 src/target/timer.c:static uint32_t last_tick_now;
1 src/target/timer.c: static uint64_t n;
